Copyright 1986-2019 Xilinx, Inc. All Rights Reserved.
-----------------------------------------------------------------------------------------------------------------------------------------------
| Tool Version : Vivado v.2019.2 (win64) Build 2708876 Wed Nov  6 21:40:23 MST 2019
| Date         : Fri Dec 27 10:26:12 2019
| Host         : FraRonk-Notebook running 64-bit major release  (build 9200)
| Command      : report_methodology -file CCG_methodology_drc_routed.rpt -pb CCG_methodology_drc_routed.pb -rpx CCG_methodology_drc_routed.rpx
| Design       : CCG
| Device       : xc7z010clg400-1
| Speed File   : -1
| Design State : Fully Routed
-----------------------------------------------------------------------------------------------------------------------------------------------

Report Methodology

Table of Contents
-----------------
1. REPORT SUMMARY
2. REPORT DETAILS

1. REPORT SUMMARY
-----------------
            Netlist: netlist
          Floorplan: checkpoint_CCG
      Design limits: <entire design considered>
             Max violations: <unlimited>
             Violations found: 4
+-----------+----------+-------------------------------+------------+
| Rule      | Severity | Description                   | Violations |
+-----------+----------+-------------------------------+------------+
| TIMING-18 | Warning  | Missing input or output delay | 4          |
+-----------+----------+-------------------------------+------------+

2. REPORT DETAILS
-----------------
TIMING-18#1 Warning
Missing input or output delay  
An input delay is missing on a_in relative to clock(s) clk_constr
Related violations: <none>

TIMING-18#2 Warning
Missing input or output delay  
An input delay is missing on rst relative to clock(s) clk_constr
Related violations: <none>

TIMING-18#3 Warning
Missing input or output delay  
An output delay is missing on a_out relative to clock(s) clk_constr
Related violations: <none>

TIMING-18#4 Warning
Missing input or output delay  
An output delay is missing on c relative to clock(s) clk_constr
Related violations: <none>


